// Jest Snapshot v1, https://goo.gl/fbAQLP

exports[`Profile Ã© renderizado  1`] = `
<div
  className="MuiContainer-root makeStyles-ProfileContainer-1 MuiContainer-maxWidthLg"
>
  <div
    className="MuiContainer-root makeStyles-AvatarContainer-2 MuiContainer-maxWidthLg"
  >
    <div
      className="MuiPaper-root makeStyles-AvatarPaper-3 MuiPaper-elevation1 MuiPaper-rounded"
    >
      <div
        className="MuiCardActions-root makeStyles-AvatarContainerInfo-5 MuiCardActions-spacing"
      >
        <div
          className="MuiAvatar-root MuiAvatar-circular makeStyles-AvatarImage-4"
        >
          <img
            alt="Fernando"
            className="MuiAvatar-img"
            src="https://robohash.org/608cce84d339170cd8ec9894"
          />
        </div>
        <h5
          className="MuiTypography-root MuiTypography-h5"
        >
          Fernando
        </h5>
        <p
          className="MuiTypography-root MuiTypography-body2"
        >
          fernando@email
        </p>
      </div>
    </div>
  </div>
  <div
    className="MuiContainer-root makeStyles-QuizContainer-7 MuiContainer-maxWidthLg"
  >
    <div
      className="MuiPaper-root makeStyles-QuizPaper-6 MuiPaper-elevation1 MuiPaper-rounded"
    >
      <div
        className="MuiTabs-root"
      >
        <div
          className="MuiTabs-scroller MuiTabs-fixed"
          onScroll={[Function]}
          style={
            Object {
              "marginBottom": null,
              "overflow": "hidden",
            }
          }
        >
          <div
            aria-label="nav tabs example"
            className="MuiTabs-flexContainer MuiTabs-centered"
            onKeyDown={[Function]}
            role="tablist"
          >
            <a
              aria-controls="nav-tabpanel-0"
              aria-disabled={false}
              aria-selected={true}
              className="MuiButtonBase-root MuiTab-root MuiTab-textColorInherit Mui-selected"
              id="nav-tab-0"
              onBlur={[Function]}
              onClick={[Function]}
              onDragLeave={[Function]}
              onFocus={[Function]}
              onKeyDown={[Function]}
              onKeyUp={[Function]}
              onMouseDown={[Function]}
              onMouseLeave={[Function]}
              onMouseUp={[Function]}
              onTouchEnd={[Function]}
              onTouchMove={[Function]}
              onTouchStart={[Function]}
              role="tab"
              tabIndex={0}
            >
              <span
                className="MuiTab-wrapper"
              >
                Questionarios Criados
              </span>
              <span
                className="PrivateTabIndicator-root-8 PrivateTabIndicator-colorSecondary-10 MuiTabs-indicator"
                style={Object {}}
              />
            </a>
            <a
              aria-controls="nav-tabpanel-1"
              aria-disabled={false}
              aria-selected={false}
              className="MuiButtonBase-root MuiTab-root MuiTab-textColorInherit"
              id="nav-tab-1"
              onBlur={[Function]}
              onClick={[Function]}
              onDragLeave={[Function]}
              onFocus={[Function]}
              onKeyDown={[Function]}
              onKeyUp={[Function]}
              onMouseDown={[Function]}
              onMouseLeave={[Function]}
              onMouseUp={[Function]}
              onTouchEnd={[Function]}
              onTouchMove={[Function]}
              onTouchStart={[Function]}
              role="tab"
              tabIndex={-1}
            >
              <span
                className="MuiTab-wrapper"
              >
                Questionarios Respondidos
              </span>
            </a>
          </div>
        </div>
      </div>
      <div
        aria-labelledby="nav-tab-0"
        hidden={false}
        id="nav-tabpanel-0"
        role="tabpanel"
      >
        <div
          className="MuiBox-root MuiBox-root-12"
        >
          <h5
            className="MuiTypography-root MuiTypography-h5 MuiTypography-alignJustify"
          >
            Questionarios criados: 
            0
          </h5>
          <p
            className="MuiTypography-root MuiTypography-body1"
          >
            :(
          </p>
        </div>
      </div>
      <div
        aria-labelledby="nav-tab-1"
        hidden={true}
        id="nav-tabpanel-1"
        role="tabpanel"
      />
    </div>
  </div>
</div>
`;
